# serializer version: 1
# name: test_tui_snapshot
  Tree(
    ASCII_GUIDES=tuple(
      '    ',
      '|   ',
      '+-- ',
      '`-- ',
    ),
    TREE_GUIDES=list([
      tuple(
        '    ',
        '│   ',
        '├── ',
        '└── ',
      ),
      tuple(
        '    ',
        '┃   ',
        '┣━━ ',
        '┗━━ ',
      ),
      tuple(
        '    ',
        '║   ',
        '╠══ ',
        '╚══ ',
      ),
    ]),
    children=list([
      Tree(
        ASCII_GUIDES=tuple(
          '    ',
          '|   ',
          '+-- ',
          '`-- ',
        ),
        TREE_GUIDES=list([
          tuple(
            '    ',
            '│   ',
            '├── ',
            '└── ',
          ),
          tuple(
            '    ',
            '┃   ',
            '┣━━ ',
            '┗━━ ',
          ),
          tuple(
            '    ',
            '║   ',
            '╠══ ',
            '╚══ ',
          ),
        ]),
        children=list([
          Tree(
            ASCII_GUIDES=tuple(
              '    ',
              '|   ',
              '+-- ',
              '`-- ',
            ),
            TREE_GUIDES=list([
              tuple(
                '    ',
                '│   ',
                '├── ',
                '└── ',
              ),
              tuple(
                '    ',
                '┃   ',
                '┣━━ ',
                '┗━━ ',
              ),
              tuple(
                '    ',
                '║   ',
                '╠══ ',
                '╚══ ',
              ),
            ]),
            children=list([
            ]),
            expanded=True,
            guide_style='tree.line',
            hide_root=False,
            highlight=False,
            label=Pretty(
              expand_all=False,
              indent_guides=False,
              indent_size=4,
              insert_line=False,
              justify=None,
              margin=0,
              max_depth=None,
              max_length=None,
              max_string=None,
              no_wrap=False,
              overflow=None,
            ),
            style='tree',
          ),
          Tree(
            ASCII_GUIDES=tuple(
              '    ',
              '|   ',
              '+-- ',
              '`-- ',
            ),
            TREE_GUIDES=list([
              tuple(
                '    ',
                '│   ',
                '├── ',
                '└── ',
              ),
              tuple(
                '    ',
                '┃   ',
                '┣━━ ',
                '┗━━ ',
              ),
              tuple(
                '    ',
                '║   ',
                '╠══ ',
                '╚══ ',
              ),
            ]),
            children=list([
            ]),
            expanded=True,
            guide_style='tree.line',
            hide_root=False,
            highlight=False,
            label=Pretty(
              expand_all=False,
              indent_guides=False,
              indent_size=4,
              insert_line=False,
              justify=None,
              margin=0,
              max_depth=None,
              max_length=None,
              max_string=None,
              no_wrap=False,
              overflow=None,
            ),
            style='tree',
          ),
          Tree(
            ASCII_GUIDES=tuple(
              '    ',
              '|   ',
              '+-- ',
              '`-- ',
            ),
            TREE_GUIDES=list([
              tuple(
                '    ',
                '│   ',
                '├── ',
                '└── ',
              ),
              tuple(
                '    ',
                '┃   ',
                '┣━━ ',
                '┗━━ ',
              ),
              tuple(
                '    ',
                '║   ',
                '╠══ ',
                '╚══ ',
              ),
            ]),
            children=list([
            ]),
            expanded=True,
            guide_style='tree.line',
            hide_root=False,
            highlight=False,
            label=Pretty(
              expand_all=False,
              indent_guides=False,
              indent_size=4,
              insert_line=False,
              justify=None,
              margin=0,
              max_depth=None,
              max_length=None,
              max_string=None,
              no_wrap=False,
              overflow=None,
            ),
            style='tree',
          ),
        ]),
        expanded=True,
        guide_style='tree.line',
        hide_root=False,
        highlight=False,
        label=Pretty(
          expand_all=False,
          indent_guides=False,
          indent_size=4,
          insert_line=False,
          justify=None,
          margin=0,
          max_depth=None,
          max_length=None,
          max_string=None,
          no_wrap=False,
          overflow=None,
        ),
        style='tree',
      ),
      Tree(
        ASCII_GUIDES=tuple(
          '    ',
          '|   ',
          '+-- ',
          '`-- ',
        ),
        TREE_GUIDES=list([
          tuple(
            '    ',
            '│   ',
            '├── ',
            '└── ',
          ),
          tuple(
            '    ',
            '┃   ',
            '┣━━ ',
            '┗━━ ',
          ),
          tuple(
            '    ',
            '║   ',
            '╠══ ',
            '╚══ ',
          ),
        ]),
        children=list([
          Tree(
            ASCII_GUIDES=tuple(
              '    ',
              '|   ',
              '+-- ',
              '`-- ',
            ),
            TREE_GUIDES=list([
              tuple(
                '    ',
                '│   ',
                '├── ',
                '└── ',
              ),
              tuple(
                '    ',
                '┃   ',
                '┣━━ ',
                '┗━━ ',
              ),
              tuple(
                '    ',
                '║   ',
                '╠══ ',
                '╚══ ',
              ),
            ]),
            children=list([
              Tree(
                ASCII_GUIDES=tuple(
                  '    ',
                  '|   ',
                  '+-- ',
                  '`-- ',
                ),
                TREE_GUIDES=list([
                  tuple(
                    '    ',
                    '│   ',
                    '├── ',
                    '└── ',
                  ),
                  tuple(
                    '    ',
                    '┃   ',
                    '┣━━ ',
                    '┗━━ ',
                  ),
                  tuple(
                    '    ',
                    '║   ',
                    '╠══ ',
                    '╚══ ',
                  ),
                ]),
                children=list([
                  Tree(
                    ASCII_GUIDES=tuple(
                      '    ',
                      '|   ',
                      '+-- ',
                      '`-- ',
                    ),
                    TREE_GUIDES=list([
                      tuple(
                        '    ',
                        '│   ',
                        '├── ',
                        '└── ',
                      ),
                      tuple(
                        '    ',
                        '┃   ',
                        '┣━━ ',
                        '┗━━ ',
                      ),
                      tuple(
                        '    ',
                        '║   ',
                        '╠══ ',
                        '╚══ ',
                      ),
                    ]),
                    children=list([
                      Tree(
                        ASCII_GUIDES=tuple(
                          '    ',
                          '|   ',
                          '+-- ',
                          '`-- ',
                        ),
                        TREE_GUIDES=list([
                          tuple(
                            '    ',
                            '│   ',
                            '├── ',
                            '└── ',
                          ),
                          tuple(
                            '    ',
                            '┃   ',
                            '┣━━ ',
                            '┗━━ ',
                          ),
                          tuple(
                            '    ',
                            '║   ',
                            '╠══ ',
                            '╚══ ',
                          ),
                        ]),
                        children=list([
                        ]),
                        expanded=True,
                        guide_style='tree.line',
                        hide_root=False,
                        highlight=False,
                        label=Pretty(
                          expand_all=False,
                          indent_guides=False,
                          indent_size=4,
                          insert_line=False,
                          justify=None,
                          margin=0,
                          max_depth=None,
                          max_length=None,
                          max_string=None,
                          no_wrap=False,
                          overflow=None,
                        ),
                        style='tree',
                      ),
                      Tree(
                        ASCII_GUIDES=tuple(
                          '    ',
                          '|   ',
                          '+-- ',
                          '`-- ',
                        ),
                        TREE_GUIDES=list([
                          tuple(
                            '    ',
                            '│   ',
                            '├── ',
                            '└── ',
                          ),
                          tuple(
                            '    ',
                            '┃   ',
                            '┣━━ ',
                            '┗━━ ',
                          ),
                          tuple(
                            '    ',
                            '║   ',
                            '╠══ ',
                            '╚══ ',
                          ),
                        ]),
                        children=list([
                        ]),
                        expanded=True,
                        guide_style='tree.line',
                        hide_root=False,
                        highlight=False,
                        label=Pretty(
                          expand_all=False,
                          indent_guides=False,
                          indent_size=4,
                          insert_line=False,
                          justify=None,
                          margin=0,
                          max_depth=None,
                          max_length=None,
                          max_string=None,
                          no_wrap=False,
                          overflow=None,
                        ),
                        style='tree',
                      ),
                      Tree(
                        ASCII_GUIDES=tuple(
                          '    ',
                          '|   ',
                          '+-- ',
                          '`-- ',
                        ),
                        TREE_GUIDES=list([
                          tuple(
                            '    ',
                            '│   ',
                            '├── ',
                            '└── ',
                          ),
                          tuple(
                            '    ',
                            '┃   ',
                            '┣━━ ',
                            '┗━━ ',
                          ),
                          tuple(
                            '    ',
                            '║   ',
                            '╠══ ',
                            '╚══ ',
                          ),
                        ]),
                        children=list([
                        ]),
                        expanded=True,
                        guide_style='tree.line',
                        hide_root=False,
                        highlight=False,
                        label=Pretty(
                          expand_all=False,
                          indent_guides=False,
                          indent_size=4,
                          insert_line=False,
                          justify=None,
                          margin=0,
                          max_depth=None,
                          max_length=None,
                          max_string=None,
                          no_wrap=False,
                          overflow=None,
                        ),
                        style='tree',
                      ),
                      Tree(
                        ASCII_GUIDES=tuple(
                          '    ',
                          '|   ',
                          '+-- ',
                          '`-- ',
                        ),
                        TREE_GUIDES=list([
                          tuple(
                            '    ',
                            '│   ',
                            '├── ',
                            '└── ',
                          ),
                          tuple(
                            '    ',
                            '┃   ',
                            '┣━━ ',
                            '┗━━ ',
                          ),
                          tuple(
                            '    ',
                            '║   ',
                            '╠══ ',
                            '╚══ ',
                          ),
                        ]),
                        children=list([
                        ]),
                        expanded=True,
                        guide_style='tree.line',
                        hide_root=False,
                        highlight=False,
                        label=Pretty(
                          expand_all=False,
                          indent_guides=False,
                          indent_size=4,
                          insert_line=False,
                          justify=None,
                          margin=0,
                          max_depth=None,
                          max_length=None,
                          max_string=None,
                          no_wrap=False,
                          overflow=None,
                        ),
                        style='tree',
                      ),
                    ]),
                    expanded=True,
                    guide_style='tree.line',
                    hide_root=False,
                    highlight=False,
                    label=Pretty(
                      expand_all=False,
                      indent_guides=False,
                      indent_size=4,
                      insert_line=False,
                      justify=None,
                      margin=0,
                      max_depth=None,
                      max_length=None,
                      max_string=None,
                      no_wrap=False,
                      overflow=None,
                    ),
                    style='tree',
                  ),
                  Tree(
                    ASCII_GUIDES=tuple(
                      '    ',
                      '|   ',
                      '+-- ',
                      '`-- ',
                    ),
                    TREE_GUIDES=list([
                      tuple(
                        '    ',
                        '│   ',
                        '├── ',
                        '└── ',
                      ),
                      tuple(
                        '    ',
                        '┃   ',
                        '┣━━ ',
                        '┗━━ ',
                      ),
                      tuple(
                        '    ',
                        '║   ',
                        '╠══ ',
                        '╚══ ',
                      ),
                    ]),
                    children=list([
                    ]),
                    expanded=True,
                    guide_style='tree.line',
                    hide_root=False,
                    highlight=False,
                    label=Pretty(
                      expand_all=False,
                      indent_guides=False,
                      indent_size=4,
                      insert_line=False,
                      justify=None,
                      margin=0,
                      max_depth=None,
                      max_length=None,
                      max_string=None,
                      no_wrap=False,
                      overflow=None,
                    ),
                    style='tree',
                  ),
                ]),
                expanded=True,
                guide_style='tree.line',
                hide_root=False,
                highlight=False,
                label=Pretty(
                  expand_all=False,
                  indent_guides=False,
                  indent_size=4,
                  insert_line=False,
                  justify=None,
                  margin=0,
                  max_depth=None,
                  max_length=None,
                  max_string=None,
                  no_wrap=False,
                  overflow=None,
                ),
                style='tree',
              ),
            ]),
            expanded=True,
            guide_style='tree.line',
            hide_root=False,
            highlight=False,
            label=Pretty(
              expand_all=False,
              indent_guides=False,
              indent_size=4,
              insert_line=False,
              justify=None,
              margin=0,
              max_depth=None,
              max_length=None,
              max_string=None,
              no_wrap=False,
              overflow=None,
            ),
            style='tree',
          ),
        ]),
        expanded=True,
        guide_style='tree.line',
        hide_root=False,
        highlight=False,
        label=Pretty(
          expand_all=False,
          indent_guides=False,
          indent_size=4,
          insert_line=False,
          justify=None,
          margin=0,
          max_depth=None,
          max_length=None,
          max_string=None,
          no_wrap=False,
          overflow=None,
        ),
        style='tree',
      ),
      Tree(
        ASCII_GUIDES=tuple(
          '    ',
          '|   ',
          '+-- ',
          '`-- ',
        ),
        TREE_GUIDES=list([
          tuple(
            '    ',
            '│   ',
            '├── ',
            '└── ',
          ),
          tuple(
            '    ',
            '┃   ',
            '┣━━ ',
            '┗━━ ',
          ),
          tuple(
            '    ',
            '║   ',
            '╠══ ',
            '╚══ ',
          ),
        ]),
        children=list([
          Tree(
            ASCII_GUIDES=tuple(
              '    ',
              '|   ',
              '+-- ',
              '`-- ',
            ),
            TREE_GUIDES=list([
              tuple(
                '    ',
                '│   ',
                '├── ',
                '└── ',
              ),
              tuple(
                '    ',
                '┃   ',
                '┣━━ ',
                '┗━━ ',
              ),
              tuple(
                '    ',
                '║   ',
                '╠══ ',
                '╚══ ',
              ),
            ]),
            children=list([
              Tree(
                ASCII_GUIDES=tuple(
                  '    ',
                  '|   ',
                  '+-- ',
                  '`-- ',
                ),
                TREE_GUIDES=list([
                  tuple(
                    '    ',
                    '│   ',
                    '├── ',
                    '└── ',
                  ),
                  tuple(
                    '    ',
                    '┃   ',
                    '┣━━ ',
                    '┗━━ ',
                  ),
                  tuple(
                    '    ',
                    '║   ',
                    '╠══ ',
                    '╚══ ',
                  ),
                ]),
                children=list([
                ]),
                expanded=True,
                guide_style='tree.line',
                hide_root=False,
                highlight=False,
                label=Pretty(
                  expand_all=False,
                  indent_guides=False,
                  indent_size=4,
                  insert_line=False,
                  justify=None,
                  margin=0,
                  max_depth=None,
                  max_length=None,
                  max_string=None,
                  no_wrap=False,
                  overflow=None,
                ),
                style='tree',
              ),
              Tree(
                ASCII_GUIDES=tuple(
                  '    ',
                  '|   ',
                  '+-- ',
                  '`-- ',
                ),
                TREE_GUIDES=list([
                  tuple(
                    '    ',
                    '│   ',
                    '├── ',
                    '└── ',
                  ),
                  tuple(
                    '    ',
                    '┃   ',
                    '┣━━ ',
                    '┗━━ ',
                  ),
                  tuple(
                    '    ',
                    '║   ',
                    '╠══ ',
                    '╚══ ',
                  ),
                ]),
                children=list([
                ]),
                expanded=True,
                guide_style='tree.line',
                hide_root=False,
                highlight=False,
                label=Pretty(
                  expand_all=False,
                  indent_guides=False,
                  indent_size=4,
                  insert_line=False,
                  justify=None,
                  margin=0,
                  max_depth=None,
                  max_length=None,
                  max_string=None,
                  no_wrap=False,
                  overflow=None,
                ),
                style='tree',
              ),
              Tree(
                ASCII_GUIDES=tuple(
                  '    ',
                  '|   ',
                  '+-- ',
                  '`-- ',
                ),
                TREE_GUIDES=list([
                  tuple(
                    '    ',
                    '│   ',
                    '├── ',
                    '└── ',
                  ),
                  tuple(
                    '    ',
                    '┃   ',
                    '┣━━ ',
                    '┗━━ ',
                  ),
                  tuple(
                    '    ',
                    '║   ',
                    '╠══ ',
                    '╚══ ',
                  ),
                ]),
                children=list([
                ]),
                expanded=True,
                guide_style='tree.line',
                hide_root=False,
                highlight=False,
                label=Pretty(
                  expand_all=False,
                  indent_guides=False,
                  indent_size=4,
                  insert_line=False,
                  justify=None,
                  margin=0,
                  max_depth=None,
                  max_length=None,
                  max_string=None,
                  no_wrap=False,
                  overflow=None,
                ),
                style='tree',
              ),
              Tree(
                ASCII_GUIDES=tuple(
                  '    ',
                  '|   ',
                  '+-- ',
                  '`-- ',
                ),
                TREE_GUIDES=list([
                  tuple(
                    '    ',
                    '│   ',
                    '├── ',
                    '└── ',
                  ),
                  tuple(
                    '    ',
                    '┃   ',
                    '┣━━ ',
                    '┗━━ ',
                  ),
                  tuple(
                    '    ',
                    '║   ',
                    '╠══ ',
                    '╚══ ',
                  ),
                ]),
                children=list([
                ]),
                expanded=True,
                guide_style='tree.line',
                hide_root=False,
                highlight=False,
                label=Pretty(
                  expand_all=False,
                  indent_guides=False,
                  indent_size=4,
                  insert_line=False,
                  justify=None,
                  margin=0,
                  max_depth=None,
                  max_length=None,
                  max_string=None,
                  no_wrap=False,
                  overflow=None,
                ),
                style='tree',
              ),
              Tree(
                ASCII_GUIDES=tuple(
                  '    ',
                  '|   ',
                  '+-- ',
                  '`-- ',
                ),
                TREE_GUIDES=list([
                  tuple(
                    '    ',
                    '│   ',
                    '├── ',
                    '└── ',
                  ),
                  tuple(
                    '    ',
                    '┃   ',
                    '┣━━ ',
                    '┗━━ ',
                  ),
                  tuple(
                    '    ',
                    '║   ',
                    '╠══ ',
                    '╚══ ',
                  ),
                ]),
                children=list([
                  Tree(
                    ASCII_GUIDES=tuple(
                      '    ',
                      '|   ',
                      '+-- ',
                      '`-- ',
                    ),
                    TREE_GUIDES=list([
                      tuple(
                        '    ',
                        '│   ',
                        '├── ',
                        '└── ',
                      ),
                      tuple(
                        '    ',
                        '┃   ',
                        '┣━━ ',
                        '┗━━ ',
                      ),
                      tuple(
                        '    ',
                        '║   ',
                        '╠══ ',
                        '╚══ ',
                      ),
                    ]),
                    children=list([
                    ]),
                    expanded=True,
                    guide_style='tree.line',
                    hide_root=False,
                    highlight=False,
                    label=Pretty(
                      expand_all=False,
                      indent_guides=False,
                      indent_size=4,
                      insert_line=False,
                      justify=None,
                      margin=0,
                      max_depth=None,
                      max_length=None,
                      max_string=None,
                      no_wrap=False,
                      overflow=None,
                    ),
                    style='tree',
                  ),
                  Tree(
                    ASCII_GUIDES=tuple(
                      '    ',
                      '|   ',
                      '+-- ',
                      '`-- ',
                    ),
                    TREE_GUIDES=list([
                      tuple(
                        '    ',
                        '│   ',
                        '├── ',
                        '└── ',
                      ),
                      tuple(
                        '    ',
                        '┃   ',
                        '┣━━ ',
                        '┗━━ ',
                      ),
                      tuple(
                        '    ',
                        '║   ',
                        '╠══ ',
                        '╚══ ',
                      ),
                    ]),
                    children=list([
                    ]),
                    expanded=True,
                    guide_style='tree.line',
                    hide_root=False,
                    highlight=False,
                    label=Pretty(
                      expand_all=False,
                      indent_guides=False,
                      indent_size=4,
                      insert_line=False,
                      justify=None,
                      margin=0,
                      max_depth=None,
                      max_length=None,
                      max_string=None,
                      no_wrap=False,
                      overflow=None,
                    ),
                    style='tree',
                  ),
                  Tree(
                    ASCII_GUIDES=tuple(
                      '    ',
                      '|   ',
                      '+-- ',
                      '`-- ',
                    ),
                    TREE_GUIDES=list([
                      tuple(
                        '    ',
                        '│   ',
                        '├── ',
                        '└── ',
                      ),
                      tuple(
                        '    ',
                        '┃   ',
                        '┣━━ ',
                        '┗━━ ',
                      ),
                      tuple(
                        '    ',
                        '║   ',
                        '╠══ ',
                        '╚══ ',
                      ),
                    ]),
                    children=list([
                    ]),
                    expanded=True,
                    guide_style='tree.line',
                    hide_root=False,
                    highlight=False,
                    label=Pretty(
                      expand_all=False,
                      indent_guides=False,
                      indent_size=4,
                      insert_line=False,
                      justify=None,
                      margin=0,
                      max_depth=None,
                      max_length=None,
                      max_string=None,
                      no_wrap=False,
                      overflow=None,
                    ),
                    style='tree',
                  ),
                ]),
                expanded=True,
                guide_style='tree.line',
                hide_root=False,
                highlight=False,
                label=Pretty(
                  expand_all=False,
                  indent_guides=False,
                  indent_size=4,
                  insert_line=False,
                  justify=None,
                  margin=0,
                  max_depth=None,
                  max_length=None,
                  max_string=None,
                  no_wrap=False,
                  overflow=None,
                ),
                style='tree',
              ),
              Tree(
                ASCII_GUIDES=tuple(
                  '    ',
                  '|   ',
                  '+-- ',
                  '`-- ',
                ),
                TREE_GUIDES=list([
                  tuple(
                    '    ',
                    '│   ',
                    '├── ',
                    '└── ',
                  ),
                  tuple(
                    '    ',
                    '┃   ',
                    '┣━━ ',
                    '┗━━ ',
                  ),
                  tuple(
                    '    ',
                    '║   ',
                    '╠══ ',
                    '╚══ ',
                  ),
                ]),
                children=list([
                ]),
                expanded=True,
                guide_style='tree.line',
                hide_root=False,
                highlight=False,
                label=Pretty(
                  expand_all=False,
                  indent_guides=False,
                  indent_size=4,
                  insert_line=False,
                  justify=None,
                  margin=0,
                  max_depth=None,
                  max_length=None,
                  max_string=None,
                  no_wrap=False,
                  overflow=None,
                ),
                style='tree',
              ),
              Tree(
                ASCII_GUIDES=tuple(
                  '    ',
                  '|   ',
                  '+-- ',
                  '`-- ',
                ),
                TREE_GUIDES=list([
                  tuple(
                    '    ',
                    '│   ',
                    '├── ',
                    '└── ',
                  ),
                  tuple(
                    '    ',
                    '┃   ',
                    '┣━━ ',
                    '┗━━ ',
                  ),
                  tuple(
                    '    ',
                    '║   ',
                    '╠══ ',
                    '╚══ ',
                  ),
                ]),
                children=list([
                ]),
                expanded=True,
                guide_style='tree.line',
                hide_root=False,
                highlight=False,
                label=Pretty(
                  expand_all=False,
                  indent_guides=False,
                  indent_size=4,
                  insert_line=False,
                  justify=None,
                  margin=0,
                  max_depth=None,
                  max_length=None,
                  max_string=None,
                  no_wrap=False,
                  overflow=None,
                ),
                style='tree',
              ),
              Tree(
                ASCII_GUIDES=tuple(
                  '    ',
                  '|   ',
                  '+-- ',
                  '`-- ',
                ),
                TREE_GUIDES=list([
                  tuple(
                    '    ',
                    '│   ',
                    '├── ',
                    '└── ',
                  ),
                  tuple(
                    '    ',
                    '┃   ',
                    '┣━━ ',
                    '┗━━ ',
                  ),
                  tuple(
                    '    ',
                    '║   ',
                    '╠══ ',
                    '╚══ ',
                  ),
                ]),
                children=list([
                ]),
                expanded=True,
                guide_style='tree.line',
                hide_root=False,
                highlight=False,
                label=Pretty(
                  expand_all=False,
                  indent_guides=False,
                  indent_size=4,
                  insert_line=False,
                  justify=None,
                  margin=0,
                  max_depth=None,
                  max_length=None,
                  max_string=None,
                  no_wrap=False,
                  overflow=None,
                ),
                style='tree',
              ),
              Tree(
                ASCII_GUIDES=tuple(
                  '    ',
                  '|   ',
                  '+-- ',
                  '`-- ',
                ),
                TREE_GUIDES=list([
                  tuple(
                    '    ',
                    '│   ',
                    '├── ',
                    '└── ',
                  ),
                  tuple(
                    '    ',
                    '┃   ',
                    '┣━━ ',
                    '┗━━ ',
                  ),
                  tuple(
                    '    ',
                    '║   ',
                    '╠══ ',
                    '╚══ ',
                  ),
                ]),
                children=list([
                ]),
                expanded=True,
                guide_style='tree.line',
                hide_root=False,
                highlight=False,
                label=Pretty(
                  expand_all=False,
                  indent_guides=False,
                  indent_size=4,
                  insert_line=False,
                  justify=None,
                  margin=0,
                  max_depth=None,
                  max_length=None,
                  max_string=None,
                  no_wrap=False,
                  overflow=None,
                ),
                style='tree',
              ),
              Tree(
                ASCII_GUIDES=tuple(
                  '    ',
                  '|   ',
                  '+-- ',
                  '`-- ',
                ),
                TREE_GUIDES=list([
                  tuple(
                    '    ',
                    '│   ',
                    '├── ',
                    '└── ',
                  ),
                  tuple(
                    '    ',
                    '┃   ',
                    '┣━━ ',
                    '┗━━ ',
                  ),
                  tuple(
                    '    ',
                    '║   ',
                    '╠══ ',
                    '╚══ ',
                  ),
                ]),
                children=list([
                ]),
                expanded=True,
                guide_style='tree.line',
                hide_root=False,
                highlight=False,
                label=Pretty(
                  expand_all=False,
                  indent_guides=False,
                  indent_size=4,
                  insert_line=False,
                  justify=None,
                  margin=0,
                  max_depth=None,
                  max_length=None,
                  max_string=None,
                  no_wrap=False,
                  overflow=None,
                ),
                style='tree',
              ),
              Tree(
                ASCII_GUIDES=tuple(
                  '    ',
                  '|   ',
                  '+-- ',
                  '`-- ',
                ),
                TREE_GUIDES=list([
                  tuple(
                    '    ',
                    '│   ',
                    '├── ',
                    '└── ',
                  ),
                  tuple(
                    '    ',
                    '┃   ',
                    '┣━━ ',
                    '┗━━ ',
                  ),
                  tuple(
                    '    ',
                    '║   ',
                    '╠══ ',
                    '╚══ ',
                  ),
                ]),
                children=list([
                ]),
                expanded=True,
                guide_style='tree.line',
                hide_root=False,
                highlight=False,
                label=Pretty(
                  expand_all=False,
                  indent_guides=False,
                  indent_size=4,
                  insert_line=False,
                  justify=None,
                  margin=0,
                  max_depth=None,
                  max_length=None,
                  max_string=None,
                  no_wrap=False,
                  overflow=None,
                ),
                style='tree',
              ),
            ]),
            expanded=True,
            guide_style='tree.line',
            hide_root=False,
            highlight=False,
            label=Pretty(
              expand_all=False,
              indent_guides=False,
              indent_size=4,
              insert_line=False,
              justify=None,
              margin=0,
              max_depth=None,
              max_length=None,
              max_string=None,
              no_wrap=False,
              overflow=None,
            ),
            style='tree',
          ),
          Tree(
            ASCII_GUIDES=tuple(
              '    ',
              '|   ',
              '+-- ',
              '`-- ',
            ),
            TREE_GUIDES=list([
              tuple(
                '    ',
                '│   ',
                '├── ',
                '└── ',
              ),
              tuple(
                '    ',
                '┃   ',
                '┣━━ ',
                '┗━━ ',
              ),
              tuple(
                '    ',
                '║   ',
                '╠══ ',
                '╚══ ',
              ),
            ]),
            children=list([
            ]),
            expanded=True,
            guide_style='tree.line',
            hide_root=False,
            highlight=False,
            label=Pretty(
              expand_all=False,
              indent_guides=False,
              indent_size=4,
              insert_line=False,
              justify=None,
              margin=0,
              max_depth=None,
              max_length=None,
              max_string=None,
              no_wrap=False,
              overflow=None,
            ),
            style='tree',
          ),
          Tree(
            ASCII_GUIDES=tuple(
              '    ',
              '|   ',
              '+-- ',
              '`-- ',
            ),
            TREE_GUIDES=list([
              tuple(
                '    ',
                '│   ',
                '├── ',
                '└── ',
              ),
              tuple(
                '    ',
                '┃   ',
                '┣━━ ',
                '┗━━ ',
              ),
              tuple(
                '    ',
                '║   ',
                '╠══ ',
                '╚══ ',
              ),
            ]),
            children=list([
            ]),
            expanded=True,
            guide_style='tree.line',
            hide_root=False,
            highlight=False,
            label=Pretty(
              expand_all=False,
              indent_guides=False,
              indent_size=4,
              insert_line=False,
              justify=None,
              margin=0,
              max_depth=None,
              max_length=None,
              max_string=None,
              no_wrap=False,
              overflow=None,
            ),
            style='tree',
          ),
          Tree(
            ASCII_GUIDES=tuple(
              '    ',
              '|   ',
              '+-- ',
              '`-- ',
            ),
            TREE_GUIDES=list([
              tuple(
                '    ',
                '│   ',
                '├── ',
                '└── ',
              ),
              tuple(
                '    ',
                '┃   ',
                '┣━━ ',
                '┗━━ ',
              ),
              tuple(
                '    ',
                '║   ',
                '╠══ ',
                '╚══ ',
              ),
            ]),
            children=list([
            ]),
            expanded=True,
            guide_style='tree.line',
            hide_root=False,
            highlight=False,
            label=Pretty(
              expand_all=False,
              indent_guides=False,
              indent_size=4,
              insert_line=False,
              justify=None,
              margin=0,
              max_depth=None,
              max_length=None,
              max_string=None,
              no_wrap=False,
              overflow=None,
            ),
            style='tree',
          ),
        ]),
        expanded=True,
        guide_style='tree.line',
        hide_root=False,
        highlight=False,
        label=Pretty(
          expand_all=False,
          indent_guides=False,
          indent_size=4,
          insert_line=False,
          justify=None,
          margin=0,
          max_depth=None,
          max_length=None,
          max_string=None,
          no_wrap=False,
          overflow=None,
        ),
        style='tree',
      ),
      Tree(
        ASCII_GUIDES=tuple(
          '    ',
          '|   ',
          '+-- ',
          '`-- ',
        ),
        TREE_GUIDES=list([
          tuple(
            '    ',
            '│   ',
            '├── ',
            '└── ',
          ),
          tuple(
            '    ',
            '┃   ',
            '┣━━ ',
            '┗━━ ',
          ),
          tuple(
            '    ',
            '║   ',
            '╠══ ',
            '╚══ ',
          ),
        ]),
        children=list([
          Tree(
            ASCII_GUIDES=tuple(
              '    ',
              '|   ',
              '+-- ',
              '`-- ',
            ),
            TREE_GUIDES=list([
              tuple(
                '    ',
                '│   ',
                '├── ',
                '└── ',
              ),
              tuple(
                '    ',
                '┃   ',
                '┣━━ ',
                '┗━━ ',
              ),
              tuple(
                '    ',
                '║   ',
                '╠══ ',
                '╚══ ',
              ),
            ]),
            children=list([
            ]),
            expanded=True,
            guide_style='tree.line',
            hide_root=False,
            highlight=False,
            label=Pretty(
              expand_all=False,
              indent_guides=False,
              indent_size=4,
              insert_line=False,
              justify=None,
              margin=0,
              max_depth=None,
              max_length=None,
              max_string=None,
              no_wrap=False,
              overflow=None,
            ),
            style='tree',
          ),
          Tree(
            ASCII_GUIDES=tuple(
              '    ',
              '|   ',
              '+-- ',
              '`-- ',
            ),
            TREE_GUIDES=list([
              tuple(
                '    ',
                '│   ',
                '├── ',
                '└── ',
              ),
              tuple(
                '    ',
                '┃   ',
                '┣━━ ',
                '┗━━ ',
              ),
              tuple(
                '    ',
                '║   ',
                '╠══ ',
                '╚══ ',
              ),
            ]),
            children=list([
            ]),
            expanded=True,
            guide_style='tree.line',
            hide_root=False,
            highlight=False,
            label=Pretty(
              expand_all=False,
              indent_guides=False,
              indent_size=4,
              insert_line=False,
              justify=None,
              margin=0,
              max_depth=None,
              max_length=None,
              max_string=None,
              no_wrap=False,
              overflow=None,
            ),
            style='tree',
          ),
        ]),
        expanded=True,
        guide_style='tree.line',
        hide_root=False,
        highlight=False,
        label=Pretty(
          expand_all=False,
          indent_guides=False,
          indent_size=4,
          insert_line=False,
          justify=None,
          margin=0,
          max_depth=None,
          max_length=None,
          max_string=None,
          no_wrap=False,
          overflow=None,
        ),
        style='tree',
      ),
    ]),
    expanded=True,
    guide_style='tree.line',
    hide_root=False,
    highlight=False,
    label=Pretty(
      expand_all=False,
      indent_guides=False,
      indent_size=4,
      insert_line=False,
      justify=None,
      margin=0,
      max_depth=None,
      max_length=None,
      max_string=None,
      no_wrap=False,
      overflow=None,
    ),
    style='tree',
  )
# ---
